0 ffffff93 ceil
0 ffffff94 floor
0 ffffff95 sqrt
0 ffffff96 atan2
0 ffffff97 cos
0 ffffff98 sin
0 ffffff99 strncpy
0 ffffff9a memcpy
0 ffffff9b memset
0 ffffffa8 trap_SetPbClStatus
0 ffffffa9 trap_FS_Seek
0 ffffffaa trap_LAN_CompareServers
0 ffffffab trap_LAN_ServerIsVisible
0 ffffffac trap_LAN_GetServerPing
0 ffffffad trap_LAN_ServerStatus
0 ffffffae trap_VerifyCDKey
0 ffffffaf trap_R_RemapShader
0 ffffffb0 trap_CIN_SetExtents
0 ffffffb1 trap_CIN_DrawCinematic
0 ffffffb2 trap_CIN_RunCinematic
0 ffffffb3 trap_CIN_StopCinematic
0 ffffffb4 trap_CIN_PlayCinematic
0 ffffffb5 trap_LAN_RemoveServer
0 ffffffb6 trap_LAN_AddServer
0 ffffffb7 trap_LAN_SaveCachedServers
0 ffffffb8 trap_LAN_LoadCachedServers
0 ffffffb9 trap_LAN_ResetPings
0 ffffffba trap_LAN_UpdateVisiblePings
0 ffffffbb trap_LAN_MarkServerVisible
0 ffffffbc trap_LAN_GetServerInfo
0 ffffffbd trap_LAN_GetServerAddressString
0 ffffffbe trap_LAN_GetServerCount
0 ffffffbf trap_RealTime
0 ffffffc0 trap_S_StartBackgroundTrack
0 ffffffc1 trap_S_StopBackgroundTrack
0 ffffffc2 trap_PC_SourceFileAndLine
0 ffffffc3 trap_PC_ReadToken
0 ffffffc4 trap_PC_FreeSource
0 ffffffc5 trap_PC_LoadSource
0 ffffffc6 trap_PC_AddGlobalDefine
0 ffffffc7 trap_R_ModelBounds
0 ffffffc8 trap_R_RegisterFont
0 ffffffc9 trap_SetCDKey
0 ffffffca trap_GetCDKey
0 ffffffcb trap_MemoryRemaining
0 ffffffcc trap_Cvar_Update
0 ffffffcd trap_Cvar_Register
0 ffffffce trap_LAN_GetPingInfo
0 ffffffcf trap_LAN_GetPing
0 ffffffd0 trap_LAN_ClearPing
0 ffffffd1 trap_LAN_GetPingQueueCount
0 ffffffd2 trap_GetConfigString
0 ffffffd3 trap_GetClientState
0 ffffffd4 trap_GetGlconfig
0 ffffffd5 trap_GetClipboardData
0 ffffffd6 trap_Key_SetCatcher
0 ffffffd7 trap_Key_GetCatcher
0 ffffffd8 trap_Key_ClearStates
0 ffffffd9 trap_Key_SetOverstrikeMode
0 ffffffda trap_Key_GetOverstrikeMode
0 ffffffdb trap_Key_IsDown
0 ffffffdc trap_Key_SetBinding
0 ffffffdd trap_Key_GetBindingBuf
0 ffffffde trap_Key_KeynumToStringBuf
0 ffffffdf trap_S_StartLocalSound
0 ffffffe0 trap_S_RegisterSound
0 ffffffe1 trap_CM_LoadModel
0 ffffffe2 trap_CM_LerpTag
0 ffffffe3 trap_UpdateScreen
0 ffffffe4 trap_R_DrawStretchPic
0 ffffffe5 trap_R_SetColor
0 ffffffe6 trap_R_RenderScene
0 ffffffe7 trap_R_AddLightToScene
0 ffffffe8 trap_R_AddPolyToScene
0 ffffffe9 trap_R_AddRefEntityToScene
0 ffffffea trap_R_ClearScene
0 ffffffeb trap_R_RegisterShaderNoMip
0 ffffffec trap_R_RegisterSkin
0 ffffffed trap_R_RegisterModel
0 ffffffee trap_FS_GetFileList
0 ffffffef trap_FS_FCloseFile
0 fffffff0 trap_FS_Write
0 fffffff1 trap_FS_Read
0 fffffff2 trap_FS_FOpenFile
0 fffffff3 trap_Cmd_ExecuteText
0 fffffff4 trap_Argv
0 fffffff5 trap_Argc
0 fffffff6 trap_Cvar_InfoStringBuffer
0 fffffff7 trap_Cvar_Create
0 fffffff8 trap_Cvar_Reset
0 fffffff9 trap_Cvar_SetValue
0 fffffffa trap_Cvar_VariableStringBuffer
0 fffffffb trap_Cvar_VariableValue
0 fffffffc trap_Cvar_Set
0 fffffffd trap_Milliseconds
0 fffffffe trap_Print
0 ffffffff trap_Error
